time | phase | epoch | batch | work | done | ETA | loss | card@1 | zone | tile | timing
-----+-------+-------+-------+------+------+-----+------+--------+------+------+-------
01:35:03 | 4.4.1 | 1/12 | 1/5425 |   0.00% | 512/33,328,176 | 25h15m | 4.778 | — | — | — | —
01:35:09 | 4.4.1 | 1/12 | 25/5425 |   0.04% | 12,800/33,328,176 | 5h09m | 4.689 | — | — | — | —
01:35:14 | 4.4.1 | 1/12 | 50/5425 |   0.08% | 25,600/33,328,176 | 4h34m | 4.975 | — | — | — | —
01:35:20 | 4.4.1 | 1/12 | 75/5425 |   0.12% | 38,400/33,328,176 | 4h23m | 4.717 | — | — | — | —
01:35:26 | 4.4.1 | 1/12 | 100/5425 |   0.15% | 51,200/33,328,176 | 4h27m | 4.893 | — | — | — | —
01:35:32 | 4.4.1 | 1/12 | 125/5425 |   0.19% | 64,000/33,328,176 | 4h25m | 4.838 | — | — | — | —
01:35:38 | 4.4.1 | 1/12 | 150/5425 |   0.23% | 76,800/33,328,176 | 4h25m | 4.832 | — | — | — | —
01:35:44 | 4.4.1 | 1/12 | 175/5425 |   0.27% | 89,600/33,328,176 | 4h21m | 4.837 | — | — | — | —
01:35:49 | 4.4.1 | 1/12 | 200/5425 |   0.31% | 102,400/33,328,176 | 4h18m | 4.705 | — | — | — | —
01:35:55 | 4.4.1 | 1/12 | 225/5425 |   0.35% | 115,200/33,328,176 | 4h18m | 4.825 | — | — | — | —
01:36:01 | 4.4.1 | 1/12 | 250/5425 |   0.38% | 128,000/33,328,176 | 4h18m | 4.775 | — | — | — | —
01:36:07 | 4.4.1 | 1/12 | 275/5425 |   0.42% | 140,800/33,328,176 | 4h16m | 4.684 | — | — | — | —
01:36:13 | 4.4.1 | 1/12 | 300/5425 |   0.46% | 153,600/33,328,176 | 4h17m | 4.741 | — | — | — | —
01:36:19 | 4.4.1 | 1/12 | 325/5425 |   0.50% | 166,400/33,328,176 | 4h16m | 4.821 | — | — | — | —
01:36:24 | 4.4.1 | 1/12 | 350/5425 |   0.54% | 179,200/33,328,176 | 4h15m | 4.743 | — | — | — | —
01:36:30 | 4.4.1 | 1/12 | 375/5425 |   0.58% | 192,000/33,328,176 | 4h14m | 4.711 | — | — | — | —
01:36:36 | 4.4.1 | 1/12 | 400/5425 |   0.61% | 204,800/33,328,176 | 4h13m | 4.749 | — | — | — | —
01:36:41 | 4.4.1 | 1/12 | 425/5425 |   0.65% | 217,600/33,328,176 | 4h12m | 4.757 | — | — | — | —
01:36:47 | 4.4.1 | 1/12 | 450/5425 |   0.69% | 230,400/33,328,176 | 4h12m | 4.980 | — | — | — | —
01:36:53 | 4.4.1 | 1/12 | 475/5425 |   0.73% | 243,200/33,328,176 | 4h12m | 4.996 | — | — | — | —
01:36:59 | 4.4.1 | 1/12 | 500/5425 |   0.77% | 256,000/33,328,176 | 4h12m | 5.016 | — | — | — | —
01:37:04 | 4.4.1 | 1/12 | 525/5425 |   0.81% | 268,800/33,328,176 | 4h11m | 4.807 | — | — | — | —
01:37:10 | 4.4.1 | 1/12 | 550/5425 |   0.84% | 281,600/33,328,176 | 4h12m | 4.937 | — | — | — | —
01:37:16 | 4.4.1 | 1/12 | 575/5425 |   0.88% | 294,400/33,328,176 | 4h11m | 4.792 | — | — | — | —
01:37:22 | 4.4.1 | 1/12 | 600/5425 |   0.92% | 307,200/33,328,176 | 4h11m | 4.621 | — | — | — | —
01:37:28 | 4.4.1 | 1/12 | 625/5425 |   0.96% | 320,000/33,328,176 | 4h11m | 4.763 | — | — | — | —
01:37:35 | 4.4.1 | 1/12 | 650/5425 |   1.00% | 332,800/33,328,176 | 4h13m | 4.792 | — | — | — | —
01:37:40 | 4.4.1 | 1/12 | 675/5425 |   1.04% | 345,600/33,328,176 | 4h12m | 4.823 | — | — | — | —
01:37:46 | 4.4.1 | 1/12 | 700/5425 |   1.08% | 358,400/33,328,176 | 4h12m | 4.718 | — | — | — | —
01:37:52 | 4.4.1 | 1/12 | 725/5425 |   1.11% | 371,200/33,328,176 | 4h12m | 4.989 | — | — | — | —
01:37:58 | 4.4.1 | 1/12 | 750/5425 |   1.15% | 384,000/33,328,176 | 4h12m | 4.705 | — | — | — | —
01:38:03 | 4.4.1 | 1/12 | 775/5425 |   1.19% | 396,800/33,328,176 | 4h11m | 4.863 | — | — | — | —
01:38:09 | 4.4.1 | 1/12 | 800/5425 |   1.23% | 409,600/33,328,176 | 4h10m | 4.735 | — | — | — | —
01:38:15 | 4.4.1 | 1/12 | 825/5425 |   1.27% | 422,400/33,328,176 | 4h10m | 4.683 | — | — | — | —
01:38:21 | 4.4.1 | 1/12 | 850/5425 |   1.31% | 435,200/33,328,176 | 4h10m | 4.765 | — | — | — | —
01:38:26 | 4.4.1 | 1/12 | 875/5425 |   1.34% | 448,000/33,328,176 | 4h10m | 4.944 | — | — | — | —
01:38:32 | 4.4.1 | 1/12 | 900/5425 |   1.38% | 460,800/33,328,176 | 4h09m | 4.895 | — | — | — | —
01:38:37 | 4.4.1 | 1/12 | 925/5425 |   1.42% | 473,600/33,328,176 | 4h09m | 4.922 | — | — | — | —
01:38:42 | 4.4.1 | 1/12 | 950/5425 |   1.46% | 486,400/33,328,176 | 4h08m | 4.608 | — | — | — | —
01:38:48 | 4.4.1 | 1/12 | 975/5425 |   1.50% | 499,200/33,328,176 | 4h07m | 4.862 | — | — | — | —
01:38:53 | 4.4.1 | 1/12 | 1000/5425 |   1.54% | 512,000/33,328,176 | 4h07m | 4.723 | — | — | — | —
01:38:59 | 4.4.1 | 1/12 | 1025/5425 |   1.57% | 524,800/33,328,176 | 4h07m | 4.789 | — | — | — | —
01:39:04 | 4.4.1 | 1/12 | 1050/5425 |   1.61% | 537,600/33,328,176 | 4h06m | 4.992 | — | — | — | —
01:39:09 | 4.4.1 | 1/12 | 1075/5425 |   1.65% | 550,400/33,328,176 | 4h05m | 4.913 | — | — | — | —
01:39:14 | 4.4.1 | 1/12 | 1100/5425 |   1.69% | 563,200/33,328,176 | 4h05m | 4.780 | — | — | — | —
01:39:20 | 4.4.1 | 1/12 | 1125/5425 |   1.73% | 576,000/33,328,176 | 4h04m | 4.873 | — | — | — | —
01:39:25 | 4.4.1 | 1/12 | 1150/5425 |   1.77% | 588,800/33,328,176 | 4h03m | 4.840 | — | — | — | —
01:39:30 | 4.4.1 | 1/12 | 1175/5425 |   1.80% | 601,600/33,328,176 | 4h03m | 4.759 | — | — | — | —
01:39:35 | 4.4.1 | 1/12 | 1200/5425 |   1.84% | 614,400/33,328,176 | 4h03m | 4.684 | — | — | — | —
01:39:40 | 4.4.1 | 1/12 | 1225/5425 |   1.88% | 627,200/33,328,176 | 4h02m | 4.802 | — | — | — | —
01:39:46 | 4.4.1 | 1/12 | 1250/5425 |   1.92% | 640,000/33,328,176 | 4h02m | 4.894 | — | — | — | —
01:39:51 | 4.4.1 | 1/12 | 1275/5425 |   1.96% | 652,800/33,328,176 | 4h01m | 4.888 | — | — | — | —
01:39:57 | 4.4.1 | 1/12 | 1300/5425 |   2.00% | 665,600/33,328,176 | 4h01m | 4.809 | — | — | — | —
01:40:02 | 4.4.1 | 1/12 | 1325/5425 |   2.04% | 678,400/33,328,176 | 4h00m | 4.709 | — | — | — | —
01:40:07 | 4.4.1 | 1/12 | 1350/5425 |   2.07% | 691,200/33,328,176 | 4h00m | 4.850 | — | — | — | —
01:40:12 | 4.4.1 | 1/12 | 1375/5425 |   2.11% | 704,000/33,328,176 | 3h59m | 4.881 | — | — | — | —
01:40:18 | 4.4.1 | 1/12 | 1400/5425 |   2.15% | 716,800/33,328,176 | 3h59m | 4.864 | — | — | — | —
01:40:23 | 4.4.1 | 1/12 | 1425/5425 |   2.19% | 729,600/33,328,176 | 3h59m | 4.787 | — | — | — | —
01:40:29 | 4.4.1 | 1/12 | 1450/5425 |   2.23% | 742,400/33,328,176 | 3h59m | 4.864 | — | — | — | —
01:40:34 | 4.4.1 | 1/12 | 1475/5425 |   2.27% | 755,200/33,328,176 | 3h59m | 4.929 | — | — | — | —
01:40:39 | 4.4.1 | 1/12 | 1500/5425 |   2.30% | 768,000/33,328,176 | 3h58m | 4.913 | — | — | — | —
01:40:44 | 4.4.1 | 1/12 | 1525/5425 |   2.34% | 780,800/33,328,176 | 3h58m | 4.853 | — | — | — | —
01:40:50 | 4.4.1 | 1/12 | 1550/5425 |   2.38% | 793,600/33,328,176 | 3h57m | 4.767 | — | — | — | —
01:40:55 | 4.4.1 | 1/12 | 1575/5425 |   2.42% | 806,400/33,328,176 | 3h57m | 4.801 | — | — | — | —
01:41:00 | 4.4.1 | 1/12 | 1600/5425 |   2.46% | 819,200/33,328,176 | 3h57m | 4.922 | — | — | — | —
01:41:06 | 4.4.1 | 1/12 | 1625/5425 |   2.50% | 832,000/33,328,176 | 3h57m | 4.753 | — | — | — | —
01:41:12 | 4.4.1 | 1/12 | 1650/5425 |   2.53% | 844,800/33,328,176 | 3h57m | 4.859 | — | — | — | —
01:41:18 | 4.4.1 | 1/12 | 1675/5425 |   2.57% | 857,600/33,328,176 | 3h57m | 4.835 | — | — | — | —
01:41:23 | 4.4.1 | 1/12 | 1700/5425 |   2.61% | 870,400/33,328,176 | 3h57m | 4.722 | — | — | — | —
01:41:28 | 4.4.1 | 1/12 | 1725/5425 |   2.65% | 883,200/33,328,176 | 3h56m | 4.746 | — | — | — | —
01:41:33 | 4.4.1 | 1/12 | 1750/5425 |   2.69% | 896,000/33,328,176 | 3h56m | 4.874 | — | — | — | —
01:41:39 | 4.4.1 | 1/12 | 1775/5425 |   2.73% | 908,800/33,328,176 | 3h56m | 4.769 | — | — | — | —
01:41:44 | 4.4.1 | 1/12 | 1800/5425 |   2.76% | 921,600/33,328,176 | 3h56m | 4.810 | — | — | — | —
01:41:50 | 4.4.1 | 1/12 | 1825/5425 |   2.80% | 934,400/33,328,176 | 3h56m | 4.782 | — | — | — | —
01:41:55 | 4.4.1 | 1/12 | 1850/5425 |   2.84% | 947,200/33,328,176 | 3h55m | 4.727 | — | — | — | —
01:42:01 | 4.4.1 | 1/12 | 1875/5425 |   2.88% | 960,000/33,328,176 | 3h55m | 4.753 | — | — | — | —
01:42:06 | 4.4.1 | 1/12 | 1900/5425 |   2.92% | 972,800/33,328,176 | 3h55m | 4.794 | — | — | — | —
01:42:12 | 4.4.1 | 1/12 | 1925/5425 |   2.96% | 985,600/33,328,176 | 3h55m | 4.828 | — | — | — | —
01:42:17 | 4.4.1 | 1/12 | 1950/5425 |   3.00% | 998,400/33,328,176 | 3h55m | 4.871 | — | — | — | —
01:42:22 | 4.4.1 | 1/12 | 1975/5425 |   3.03% | 1,011,200/33,328,176 | 3h54m | 4.675 | — | — | — | —
01:42:28 | 4.4.1 | 1/12 | 2000/5425 |   3.07% | 1,024,000/33,328,176 | 3h54m | 4.777 | — | — | — | —
01:42:34 | 4.4.1 | 1/12 | 2025/5425 |   3.11% | 1,036,800/33,328,176 | 3h54m | 4.811 | — | — | — | —
01:42:39 | 4.4.1 | 1/12 | 2050/5425 |   3.15% | 1,049,600/33,328,176 | 3h54m | 4.753 | — | — | — | —
01:42:44 | 4.4.1 | 1/12 | 2075/5425 |   3.19% | 1,062,400/33,328,176 | 3h54m | 4.767 | — | — | — | —
01:42:49 | 4.4.1 | 1/12 | 2100/5425 |   3.23% | 1,075,200/33,328,176 | 3h53m | 4.815 | — | — | — | —
01:42:54 | 4.4.1 | 1/12 | 2125/5425 |   3.26% | 1,088,000/33,328,176 | 3h53m | 4.962 | — | — | — | —
01:42:59 | 4.4.1 | 1/12 | 2150/5425 |   3.30% | 1,100,800/33,328,176 | 3h53m | 4.711 | — | — | — | —
01:43:05 | 4.4.1 | 1/12 | 2175/5425 |   3.34% | 1,113,600/33,328,176 | 3h52m | 4.634 | — | — | — | —
01:43:10 | 4.4.1 | 1/12 | 2200/5425 |   3.38% | 1,126,400/33,328,176 | 3h52m | 4.584 | — | — | — | —
01:43:16 | 4.4.1 | 1/12 | 2225/5425 |   3.42% | 1,139,200/33,328,176 | 3h52m | 4.885 | — | — | — | —
01:43:21 | 4.4.1 | 1/12 | 2250/5425 |   3.46% | 1,152,000/33,328,176 | 3h52m | 4.940 | — | — | — | —
01:43:26 | 4.4.1 | 1/12 | 2275/5425 |   3.49% | 1,164,800/33,328,176 | 3h52m | 4.819 | — | — | — | —
01:43:31 | 4.4.1 | 1/12 | 2300/5425 |   3.53% | 1,177,600/33,328,176 | 3h51m | 4.694 | — | — | — | —
01:43:36 | 4.4.1 | 1/12 | 2325/5425 |   3.57% | 1,190,400/33,328,176 | 3h51m | 4.710 | — | — | — | —
01:43:42 | 4.4.1 | 1/12 | 2350/5425 |   3.61% | 1,203,200/33,328,176 | 3h51m | 4.756 | — | — | — | —
01:43:47 | 4.4.1 | 1/12 | 2375/5425 |   3.65% | 1,216,000/33,328,176 | 3h51m | 4.965 | — | — | — | —
01:43:53 | 4.4.1 | 1/12 | 2400/5425 |   3.69% | 1,228,800/33,328,176 | 3h51m | 4.856 | — | — | — | —
01:43:58 | 4.4.1 | 1/12 | 2425/5425 |   3.73% | 1,241,600/33,328,176 | 3h51m | 4.905 | — | — | — | —
01:44:04 | 4.4.1 | 1/12 | 2450/5425 |   3.76% | 1,254,400/33,328,176 | 3h51m | 4.925 | — | — | — | —
01:44:09 | 4.4.1 | 1/12 | 2475/5425 |   3.80% | 1,267,200/33,328,176 | 3h50m | 4.661 | — | — | — | —
01:44:14 | 4.4.1 | 1/12 | 2500/5425 |   3.84% | 1,280,000/33,328,176 | 3h50m | 4.687 | — | — | — | —
01:44:19 | 4.4.1 | 1/12 | 2525/5425 |   3.88% | 1,292,800/33,328,176 | 3h50m | 4.940 | — | — | — | —
01:44:25 | 4.4.1 | 1/12 | 2550/5425 |   3.92% | 1,305,600/33,328,176 | 3h50m | 4.740 | — | — | — | —
01:44:31 | 4.4.1 | 1/12 | 2575/5425 |   3.96% | 1,318,400/33,328,176 | 3h50m | 4.840 | — | — | — | —
01:44:36 | 4.4.1 | 1/12 | 2600/5425 |   3.99% | 1,331,200/33,328,176 | 3h50m | 4.714 | — | — | — | —
01:44:41 | 4.4.1 | 1/12 | 2625/5425 |   4.03% | 1,344,000/33,328,176 | 3h50m | 5.018 | — | — | — | —
01:44:47 | 4.4.1 | 1/12 | 2650/5425 |   4.07% | 1,356,800/33,328,176 | 3h49m | 4.901 | — | — | — | —
01:44:52 | 4.4.1 | 1/12 | 2675/5425 |   4.11% | 1,369,600/33,328,176 | 3h49m | 4.751 | — | — | — | —
01:44:57 | 4.4.1 | 1/12 | 2700/5425 |   4.15% | 1,382,400/33,328,176 | 3h49m | 4.731 | — | — | — | —
01:45:03 | 4.4.1 | 1/12 | 2725/5425 |   4.19% | 1,395,200/33,328,176 | 3h49m | 4.694 | — | — | — | —
01:45:08 | 4.4.1 | 1/12 | 2750/5425 |   4.22% | 1,408,000/33,328,176 | 3h49m | 4.790 | — | — | — | —
01:45:15 | 4.4.1 | 1/12 | 2775/5425 |   4.26% | 1,420,800/33,328,176 | 3h49m | 4.780 | — | — | — | —
01:45:20 | 4.4.1 | 1/12 | 2800/5425 |   4.30% | 1,433,600/33,328,176 | 3h49m | 4.822 | — | — | — | —
01:45:26 | 4.4.1 | 1/12 | 2825/5425 |   4.34% | 1,446,400/33,328,176 | 3h49m | 4.817 | — | — | — | —
01:45:31 | 4.4.1 | 1/12 | 2850/5425 |   4.38% | 1,459,200/33,328,176 | 3h49m | 4.903 | — | — | — | —
01:45:36 | 4.4.1 | 1/12 | 2875/5425 |   4.42% | 1,472,000/33,328,176 | 3h49m | 4.819 | — | — | — | —
01:45:42 | 4.4.1 | 1/12 | 2900/5425 |   4.45% | 1,484,800/33,328,176 | 3h49m | 4.649 | — | — | — | —
01:45:47 | 4.4.1 | 1/12 | 2925/5425 |   4.49% | 1,497,600/33,328,176 | 3h48m | 4.782 | — | — | — | —
01:45:54 | 4.4.1 | 1/12 | 2950/5425 |   4.53% | 1,510,400/33,328,176 | 3h49m | 4.768 | — | — | — | —
01:46:00 | 4.4.1 | 1/12 | 2975/5425 |   4.57% | 1,523,200/33,328,176 | 3h49m | 4.852 | — | — | — | —
01:46:05 | 4.4.1 | 1/12 | 3000/5425 |   4.61% | 1,536,000/33,328,176 | 3h48m | 4.665 | — | — | — | —
01:46:10 | 4.4.1 | 1/12 | 3025/5425 |   4.65% | 1,548,800/33,328,176 | 3h48m | 4.763 | — | — | — | —
01:46:15 | 4.4.1 | 1/12 | 3050/5425 |   4.69% | 1,561,600/33,328,176 | 3h48m | 4.923 | — | — | — | —
01:46:21 | 4.4.1 | 1/12 | 3075/5425 |   4.72% | 1,574,400/33,328,176 | 3h48m | 4.587 | — | — | — | —
01:46:26 | 4.4.1 | 1/12 | 3100/5425 |   4.76% | 1,587,200/33,328,176 | 3h48m | 4.848 | — | — | — | —
01:46:31 | 4.4.1 | 1/12 | 3125/5425 |   4.80% | 1,600,000/33,328,176 | 3h48m | 4.796 | — | — | — | —
01:46:37 | 4.4.1 | 1/12 | 3150/5425 |   4.84% | 1,612,800/33,328,176 | 3h48m | 4.768 | — | — | — | —
01:46:43 | 4.4.1 | 1/12 | 3175/5425 |   4.88% | 1,625,600/33,328,176 | 3h47m | 4.712 | — | — | — | —
01:46:48 | 4.4.1 | 1/12 | 3200/5425 |   4.92% | 1,638,400/33,328,176 | 3h47m | 4.697 | — | — | — | —
01:46:53 | 4.4.1 | 1/12 | 3225/5425 |   4.95% | 1,651,200/33,328,176 | 3h47m | 4.788 | — | — | — | —
01:46:58 | 4.4.1 | 1/12 | 3250/5425 |   4.99% | 1,664,000/33,328,176 | 3h47m | 4.707 | — | — | — | —
01:47:03 | 4.4.1 | 1/12 | 3275/5425 |   5.03% | 1,676,800/33,328,176 | 3h47m | 4.850 | — | — | — | —
01:47:09 | 4.4.1 | 1/12 | 3300/5425 |   5.07% | 1,689,600/33,328,176 | 3h47m | 4.946 | — | — | — | —
01:47:15 | 4.4.1 | 1/12 | 3325/5425 |   5.11% | 1,702,400/33,328,176 | 3h47m | 4.685 | — | — | — | —
01:47:20 | 4.4.1 | 1/12 | 3350/5425 |   5.15% | 1,715,200/33,328,176 | 3h47m | 4.785 | — | — | — | —
01:47:26 | 4.4.1 | 1/12 | 3375/5425 |   5.18% | 1,728,000/33,328,176 | 3h46m | 4.872 | — | — | — | —
01:47:32 | 4.4.1 | 1/12 | 3400/5425 |   5.22% | 1,740,800/33,328,176 | 3h47m | 4.980 | — | — | — | —
01:47:38 | 4.4.1 | 1/12 | 3425/5425 |   5.26% | 1,753,600/33,328,176 | 3h46m | 4.643 | — | — | — | —
01:47:43 | 4.4.1 | 1/12 | 3450/5425 |   5.30% | 1,766,400/33,328,176 | 3h46m | 4.677 | — | — | — | —
01:47:49 | 4.4.1 | 1/12 | 3475/5425 |   5.34% | 1,779,200/33,328,176 | 3h46m | 4.863 | — | — | — | —
01:47:54 | 4.4.1 | 1/12 | 3500/5425 |   5.38% | 1,792,000/33,328,176 | 3h46m | 4.761 | — | — | — | —
01:47:59 | 4.4.1 | 1/12 | 3525/5425 |   5.41% | 1,804,800/33,328,176 | 3h46m | 4.706 | — | — | — | —
01:48:05 | 4.4.1 | 1/12 | 3550/5425 |   5.45% | 1,817,600/33,328,176 | 3h46m | 4.986 | — | — | — | —
01:48:11 | 4.4.1 | 1/12 | 3575/5425 |   5.49% | 1,830,400/33,328,176 | 3h46m | 4.770 | — | — | — | —
01:48:16 | 4.4.1 | 1/12 | 3600/5425 |   5.53% | 1,843,200/33,328,176 | 3h46m | 4.683 | — | — | — | —
01:48:21 | 4.4.1 | 1/12 | 3625/5425 |   5.57% | 1,856,000/33,328,176 | 3h46m | 4.750 | — | — | — | —
01:48:27 | 4.4.1 | 1/12 | 3650/5425 |   5.61% | 1,868,800/33,328,176 | 3h46m | 4.732 | — | — | — | —
01:48:33 | 4.4.1 | 1/12 | 3675/5425 |   5.65% | 1,881,600/33,328,176 | 3h45m | 4.803 | — | — | — | —
01:48:39 | 4.4.1 | 1/12 | 3700/5425 |   5.68% | 1,894,400/33,328,176 | 3h46m | 4.829 | — | — | — | —
01:48:45 | 4.4.1 | 1/12 | 3725/5425 |   5.72% | 1,907,200/33,328,176 | 3h46m | 4.797 | — | — | — | —
01:48:50 | 4.4.1 | 1/12 | 3750/5425 |   5.76% | 1,920,000/33,328,176 | 3h46m | 4.782 | — | — | — | —
01:48:56 | 4.4.1 | 1/12 | 3775/5425 |   5.80% | 1,932,800/33,328,176 | 3h45m | 4.928 | — | — | — | —
01:49:01 | 4.4.1 | 1/12 | 3800/5425 |   5.84% | 1,945,600/33,328,176 | 3h45m | 4.835 | — | — | — | —
01:49:06 | 4.4.1 | 1/12 | 3825/5425 |   5.88% | 1,958,400/33,328,176 | 3h45m | 4.776 | — | — | — | —
01:49:12 | 4.4.1 | 1/12 | 3850/5425 |   5.91% | 1,971,200/33,328,176 | 3h45m | 4.814 | — | — | — | —
01:49:18 | 4.4.1 | 1/12 | 3875/5425 |   5.95% | 1,984,000/33,328,176 | 3h45m | 4.589 | — | — | — | —
01:49:23 | 4.4.1 | 1/12 | 3900/5425 |   5.99% | 1,996,800/33,328,176 | 3h45m | 4.630 | — | — | — | —
01:49:29 | 4.4.1 | 1/12 | 3925/5425 |   6.03% | 2,009,600/33,328,176 | 3h45m | 4.862 | — | — | — | —
01:49:34 | 4.4.1 | 1/12 | 3950/5425 |   6.07% | 2,022,400/33,328,176 | 3h45m | 4.929 | — | — | — | —
01:49:39 | 4.4.1 | 1/12 | 3975/5425 |   6.11% | 2,035,200/33,328,176 | 3h44m | 4.955 | — | — | — | —
01:49:45 | 4.4.1 | 1/12 | 4000/5425 |   6.14% | 2,048,000/33,328,176 | 3h45m | 4.914 | — | — | — | —
01:49:51 | 4.4.1 | 1/12 | 4025/5425 |   6.18% | 2,060,800/33,328,176 | 3h45m | 4.865 | — | — | — | —
01:50:03 | 4.4.1 | 1/12 | 4050/5425 |   6.22% | 2,073,600/33,328,176 | 3h46m | 4.771 | — | — | — | —
01:50:08 | 4.4.1 | 1/12 | 4075/5425 |   6.26% | 2,086,400/33,328,176 | 3h46m | 4.808 | — | — | — | —
01:50:13 | 4.4.1 | 1/12 | 4100/5425 |   6.30% | 2,099,200/33,328,176 | 3h46m | 4.611 | — | — | — | —
01:50:19 | 4.4.1 | 1/12 | 4125/5425 |   6.34% | 2,112,000/33,328,176 | 3h46m | 4.985 | — | — | — | —
01:50:25 | 4.4.1 | 1/12 | 4150/5425 |   6.37% | 2,124,800/33,328,176 | 3h46m | 4.892 | — | — | — | —
01:50:30 | 4.4.1 | 1/12 | 4175/5425 |   6.41% | 2,137,600/33,328,176 | 3h45m | 4.906 | — | — | — | —
01:50:35 | 4.4.1 | 1/12 | 4200/5425 |   6.45% | 2,150,400/33,328,176 | 3h45m | 4.829 | — | — | — | —
01:50:41 | 4.4.1 | 1/12 | 4225/5425 |   6.49% | 2,163,200/33,328,176 | 3h45m | 4.656 | — | — | — | —
01:50:46 | 4.4.1 | 1/12 | 4250/5425 |   6.53% | 2,176,000/33,328,176 | 3h45m | 4.715 | — | — | — | —
01:50:51 | 4.4.1 | 1/12 | 4275/5425 |   6.57% | 2,188,800/33,328,176 | 3h45m | 4.907 | — | — | — | —
01:50:57 | 4.4.1 | 1/12 | 4300/5425 |   6.61% | 2,201,600/33,328,176 | 3h45m | 4.842 | — | — | — | —
01:51:02 | 4.4.1 | 1/12 | 4325/5425 |   6.64% | 2,214,400/33,328,176 | 3h45m | 4.779 | — | — | — | —
01:51:08 | 4.4.1 | 1/12 | 4350/5425 |   6.68% | 2,227,200/33,328,176 | 3h44m | 4.557 | — | — | — | —
01:51:13 | 4.4.1 | 1/12 | 4375/5425 |   6.72% | 2,240,000/33,328,176 | 3h44m | 4.738 | — | — | — | —
01:51:18 | 4.4.1 | 1/12 | 4400/5425 |   6.76% | 2,252,800/33,328,176 | 3h44m | 4.727 | — | — | — | —
01:51:24 | 4.4.1 | 1/12 | 4425/5425 |   6.80% | 2,265,600/33,328,176 | 3h44m | 4.885 | — | — | — | —
01:51:30 | 4.4.1 | 1/12 | 4450/5425 |   6.84% | 2,278,400/33,328,176 | 3h44m | 4.816 | — | — | — | —
01:51:35 | 4.4.1 | 1/12 | 4475/5425 |   6.87% | 2,291,200/33,328,176 | 3h44m | 4.616 | — | — | — | —
01:51:40 | 4.4.1 | 1/12 | 4500/5425 |   6.91% | 2,304,000/33,328,176 | 3h44m | 4.735 | — | — | — | —
01:51:46 | 4.4.1 | 1/12 | 4525/5425 |   6.95% | 2,316,800/33,328,176 | 3h44m | 4.646 | — | — | — | —
01:51:51 | 4.4.1 | 1/12 | 4550/5425 |   6.99% | 2,329,600/33,328,176 | 3h44m | 4.768 | — | — | — | —
01:51:57 | 4.4.1 | 1/12 | 4575/5425 |   7.03% | 2,342,400/33,328,176 | 3h44m | 4.947 | — | — | — | —
01:52:04 | 4.4.1 | 1/12 | 4600/5425 |   7.07% | 2,355,200/33,328,176 | 3h44m | 4.579 | — | — | — | —
01:52:09 | 4.4.1 | 1/12 | 4625/5425 |   7.10% | 2,368,000/33,328,176 | 3h43m | 4.872 | — | — | — | —
01:52:14 | 4.4.1 | 1/12 | 4650/5425 |   7.14% | 2,380,800/33,328,176 | 3h43m | 4.812 | — | — | — | —
01:52:19 | 4.4.1 | 1/12 | 4675/5425 |   7.18% | 2,393,600/33,328,176 | 3h43m | 4.834 | — | — | — | —
01:52:25 | 4.4.1 | 1/12 | 4700/5425 |   7.22% | 2,406,400/33,328,176 | 3h43m | 4.867 | — | — | — | —
01:52:30 | 4.4.1 | 1/12 | 4725/5425 |   7.26% | 2,419,200/33,328,176 | 3h43m | 4.969 | — | — | — | —
01:52:36 | 4.4.1 | 1/12 | 4750/5425 |   7.30% | 2,432,000/33,328,176 | 3h43m | 4.753 | — | — | — | —
01:52:41 | 4.4.1 | 1/12 | 4775/5425 |   7.33% | 2,444,800/33,328,176 | 3h43m | 4.762 | — | — | — | —
01:52:46 | 4.4.1 | 1/12 | 4800/5425 |   7.37% | 2,457,600/33,328,176 | 3h42m | 4.794 | — | — | — | —
01:52:51 | 4.4.1 | 1/12 | 4825/5425 |   7.41% | 2,470,400/33,328,176 | 3h42m | 4.908 | — | — | — | —
01:52:56 | 4.4.1 | 1/12 | 4850/5425 |   7.45% | 2,483,200/33,328,176 | 3h42m | 4.772 | — | — | — | —
01:53:03 | 4.4.1 | 1/12 | 4875/5425 |   7.49% | 2,496,000/33,328,176 | 3h42m | 4.782 | — | — | — | —
01:53:08 | 4.4.1 | 1/12 | 4900/5425 |   7.53% | 2,508,800/33,328,176 | 3h42m | 4.804 | — | — | — | —
01:53:13 | 4.4.1 | 1/12 | 4925/5425 |   7.57% | 2,521,600/33,328,176 | 3h42m | 4.852 | — | — | — | —
01:53:19 | 4.4.1 | 1/12 | 4950/5425 |   7.60% | 2,534,400/33,328,176 | 3h42m | 4.887 | — | — | — | —
01:53:25 | 4.4.1 | 1/12 | 4975/5425 |   7.64% | 2,547,200/33,328,176 | 3h42m | 4.607 | — | — | — | —
01:53:31 | 4.4.1 | 1/12 | 5000/5425 |   7.68% | 2,560,000/33,328,176 | 3h42m | 4.612 | — | — | — | —
01:53:37 | 4.4.1 | 1/12 | 5025/5425 |   7.72% | 2,572,800/33,328,176 | 3h42m | 4.667 | — | — | — | —
01:53:42 | 4.4.1 | 1/12 | 5050/5425 |   7.76% | 2,585,600/33,328,176 | 3h42m | 4.769 | — | — | — | —
01:53:47 | 4.4.1 | 1/12 | 5075/5425 |   7.80% | 2,598,400/33,328,176 | 3h41m | 4.752 | — | — | — | —
01:53:53 | 4.4.1 | 1/12 | 5100/5425 |   7.83% | 2,611,200/33,328,176 | 3h41m | 4.792 | — | — | — | —
01:53:58 | 4.4.1 | 1/12 | 5125/5425 |   7.87% | 2,624,000/33,328,176 | 3h41m | 4.844 | — | — | — | —
01:54:03 | 4.4.1 | 1/12 | 5150/5425 |   7.91% | 2,636,800/33,328,176 | 3h41m | 4.631 | — | — | — | —
01:54:09 | 4.4.1 | 1/12 | 5175/5425 |   7.95% | 2,649,600/33,328,176 | 3h41m | 4.807 | — | — | — | —
01:54:14 | 4.4.1 | 1/12 | 5200/5425 |   7.99% | 2,662,400/33,328,176 | 3h41m | 4.776 | — | — | — | —
01:54:19 | 4.4.1 | 1/12 | 5225/5425 |   8.03% | 2,675,200/33,328,176 | 3h41m | 4.726 | — | — | — | —
01:54:24 | 4.4.1 | 1/12 | 5250/5425 |   8.06% | 2,688,000/33,328,176 | 3h40m | 4.893 | — | — | — | —
01:54:30 | 4.4.1 | 1/12 | 5275/5425 |   8.10% | 2,700,800/33,328,176 | 3h40m | 4.718 | — | — | — | —
01:54:35 | 4.4.1 | 1/12 | 5300/5425 |   8.14% | 2,713,600/33,328,176 | 3h40m | 4.849 | — | — | — | —
01:54:41 | 4.4.1 | 1/12 | 5325/5425 |   8.18% | 2,726,400/33,328,176 | 3h40m | 4.659 | — | — | — | —
01:54:46 | 4.4.1 | 1/12 | 5350/5425 |   8.22% | 2,739,200/33,328,176 | 3h40m | 4.734 | — | — | — | —
01:54:51 | 4.4.1 | 1/12 | 5375/5425 |   8.26% | 2,752,000/33,328,176 | 3h40m | 4.900 | — | — | — | —
01:54:56 | 4.4.1 | 1/12 | 5400/5425 |   8.29% | 2,764,800/33,328,176 | 3h40m | 4.851 | — | — | — | —
01:55:02 | 4.4.1 | 1/12 | 5425/5425 |   8.33% | 2,777,600/33,328,176 | 3h40m | 4.607 | — | — | — | —
01:55:14 | validation | 1/12 | epoch-end |   8.33% | 2,777,348/33,328,176 | 3h42m | 4.805 |  55.64% |  44.56% |   8.01% | 1.511
01:55:15 | 4.4.1 | 2/12 | 1/5425 |   8.33% | 2,778,112/33,328,176 | 3h42m | 4.849 | — | — | — | —
01:55:20 | 4.4.1 | 2/12 | 25/5425 |   8.37% | 2,790,400/33,328,176 | 3h42m | 4.768 | — | — | — | —
01:55:25 | 4.4.1 | 2/12 | 50/5425 |   8.41% | 2,803,200/33,328,176 | 3h42m | 4.697 | — | — | — | —
01:55:31 | 4.4.1 | 2/12 | 75/5425 |   8.45% | 2,816,000/33,328,176 | 3h41m | 4.635 | — | — | — | —
01:55:36 | 4.4.1 | 2/12 | 100/5425 |   8.49% | 2,828,800/33,328,176 | 3h41m | 4.893 | — | — | — | —
01:55:41 | 4.4.1 | 2/12 | 125/5425 |   8.53% | 2,841,600/33,328,176 | 3h41m | 4.776 | — | — | — | —
01:55:46 | 4.4.1 | 2/12 | 150/5425 |   8.56% | 2,854,400/33,328,176 | 3h41m | 4.693 | — | — | — | —
01:55:51 | 4.4.1 | 2/12 | 175/5425 |   8.60% | 2,867,200/33,328,176 | 3h41m | 4.754 | — | — | — | —
01:55:57 | 4.4.1 | 2/12 | 200/5425 |   8.64% | 2,880,000/33,328,176 | 3h41m | 4.847 | — | — | — | —
01:56:02 | 4.4.1 | 2/12 | 225/5425 |   8.68% | 2,892,800/33,328,176 | 3h40m | 4.738 | — | — | — | —
01:56:07 | 4.4.1 | 2/12 | 250/5425 |   8.72% | 2,905,600/33,328,176 | 3h40m | 4.678 | — | — | — | —
01:56:12 | 4.4.1 | 2/12 | 275/5425 |   8.76% | 2,918,400/33,328,176 | 3h40m | 4.882 | — | — | — | —
01:56:17 | 4.4.1 | 2/12 | 300/5425 |   8.79% | 2,931,200/33,328,176 | 3h40m | 4.825 | — | — | — | —
01:56:22 | 4.4.1 | 2/12 | 325/5425 |   8.83% | 2,944,000/33,328,176 | 3h40m | 4.892 | — | — | — | —
01:56:28 | 4.4.1 | 2/12 | 350/5425 |   8.87% | 2,956,800/33,328,176 | 3h40m | 4.872 | — | — | — | —
01:56:33 | 4.4.1 | 2/12 | 375/5425 |   8.91% | 2,969,600/33,328,176 | 3h40m | 4.822 | — | — | — | —
01:56:38 | 4.4.1 | 2/12 | 400/5425 |   8.95% | 2,982,400/33,328,176 | 3h39m | 4.703 | — | — | — | —
01:56:43 | 4.4.1 | 2/12 | 425/5425 |   8.99% | 2,995,200/33,328,176 | 3h39m | 4.777 | — | — | — | —
01:56:48 | 4.4.1 | 2/12 | 450/5425 |   9.02% | 3,008,000/33,328,176 | 3h39m | 4.846 | — | — | — | —
01:56:53 | 4.4.1 | 2/12 | 475/5425 |   9.06% | 3,020,800/33,328,176 | 3h39m | 4.858 | — | — | — | —
01:56:59 | 4.4.1 | 2/12 | 500/5425 |   9.10% | 3,033,600/33,328,176 | 3h39m | 4.585 | — | — | — | —
01:57:04 | 4.4.1 | 2/12 | 525/5425 |   9.14% | 3,046,400/33,328,176 | 3h39m | 4.636 | — | — | — | —
01:57:09 | 4.4.1 | 2/12 | 550/5425 |   9.18% | 3,059,200/33,328,176 | 3h38m | 4.870 | — | — | — | —
01:57:14 | 4.4.1 | 2/12 | 575/5425 |   9.22% | 3,072,000/33,328,176 | 3h38m | 4.660 | — | — | — | —
01:57:20 | 4.4.1 | 2/12 | 600/5425 |   9.25% | 3,084,800/33,328,176 | 3h38m | 4.843 | — | — | — | —
01:57:25 | 4.4.1 | 2/12 | 625/5425 |   9.29% | 3,097,600/33,328,176 | 3h38m | 4.802 | — | — | — | —
01:57:30 | 4.4.1 | 2/12 | 650/5425 |   9.33% | 3,110,400/33,328,176 | 3h38m | 4.695 | — | — | — | —
