Loading battles from data/raw ...
Cached 35674 battles -> data/winner_battles_cache.pkl
Training policy-bc-v6.1 (threat_dim=14, card_conditioned_placement=True, reaction_weight=3.0, reaction_repeats=2)
Samples train/val/test: 285102/38881/39069 on cuda
Warm-started from models/policy_bc_v4.1 (missing=4, unexpected=0)
Frozen-trunk mode: training tile_head only
epoch 01  train_loss=4.9073  val_slot@1=0.553  val_zone=0.445  val_tile=0.022  val_loss=4.4012
epoch 02  train_loss=4.2297  val_slot@1=0.553  val_zone=0.445  val_tile=0.030  val_loss=4.2588
epoch 03  train_loss=4.1419  val_slot@1=0.553  val_zone=0.445  val_tile=0.031  val_loss=4.2316
Rolling out policy continuations for realism scoring ...
{
  "test": {
    "loss": 4.228927048769864,
    "slot_top1": 0.5473137269958279,
    "slot_top3": 0.9371624561672938,
    "type_acc": 0.998361872584402,
    "zone_acc": 0.4437277637001203,
    "xy_mae": 5517.04912782513,
    "tile_acc": 0.031303591082443884,
    "tile_class_acc": 0.12096547134556809,
    "timing_mae": 1.6448074493529277,
    "n": 39069
  },
  "baselines": {
    "frequency": {
      "name": "online_frequency",
      "slot_top1": 0.11971266103549845,
      "slot_top3": 0.39807228289638197,
      "n": 307929
    },
    "cycle": {
      "name": "approx_cycle",
      "slot_top1": 0.19944207918059034,
      "slot_top3": 0.6199058873961205,
      "n": 307929
    },
    "chance_slot_top1": 0.125
  },
  "rollouts": {
    "available": true,
    "n": 96,
    "mean_score_real": 0.8613517019201596,
    "mean_score_policy": 0.8315703437020527,
    "mean_score_easy": 0.000126278507278342,
    "mean_score_medium": 4.787486895837256e-05,
    "policy_vs_easy_lift": 0.8314440651947744,
    "policy_vs_medium_lift": 0.8315224688330943,
    "policy_gap_to_real": 0.0297813582181069
  },
  "live_play_readiness": {
    "ready_for_live_smoke_test": false,
    "checks": {
      "beats_baselines": true,
      "slot_floor": true,
      "zone_floor": true,
      "tile_or_zone": true,
      "rollout_beats_easy": true,
      "rollout_not_collapsed": true,
      "rollout_near_real": true
    },
    "rationale": "Offline-only experiment; do not run live yet."
  }
}
Wrote models/policy_bc_v6_1/report.json
{
  "model_name": "policy-bc-v6.1",
  "model_version": "6.1.0",
  "created_at": "2026-08-09T16:28:08Z",
  "seconds": 564.6,
  "compute": {
    "device": "cuda",
    "framework": "pytorch",
    "parameters": 761042,
    "d_model": 160,
    "num_layers": 2,
    "epochs_requested": 3,
    "epochs_ran": 3,
    "batch_size": 512,
    "learning_rate": 0.0002,
    "dropout": 0.2,
    "max_context": 64,
    "max_samples_per_battle": 8,
    "global_dim": 62,
    "threat_dim": 14,
    "card_conditioned_placement": true,
    "placement_mode": "heatmap",
    "reaction_weight": 3.0,
    "reaction_repeats": 2,
    "reaction_seconds": 5.0,
    "max_battles": 33558,
    "hide_opponent_deck": false,
    "hide_opponent_prob": 0.0,
    "loss_kwargs": {
      "slot_weight": 0.0,
      "type_weight": 0.0,
      "zone_weight": 0.0,
      "xy_weight": 0.0,
      "timing_weight": 0.0,
      "tile_weight": 1.0
    },
    "warmstart": {
      "dir": "models/policy_bc_v4.1",
      "missing_keys": [
        "tile_head.0.weight",
        "tile_head.0.bias",
        "tile_head.3.weight",
        "tile_head.3.bias"
      ],
      "unexpected_keys": []
    },
    "freeze_backbone": true,
    "trainable_parameters": 128096
  },
  "data": {
    "battles_total": 33558,
    "min_card_plays": 12,
    "train_samples": 285102,
    "val_samples": 38881,
    "test_samples": 39069,
    "vocab_size": 126,
    "splits": [
      {
        "split": "train",
        "battles": 23492,
        "team_win_rate": 0.510216243827686,
        "mean_events": 64.9747573642091
      },
      {
        "split": "val",
        "battles": 5033,
        "team_win_rate": 0.4987085237432943,
        "mean_events": 64.07848201867674
      },
      {
        "split": "test",
        "battles": 5033,
        "team_win_rate": 0.503079674150606,
        "mean_events": 64.73733359825154
      }
    ]
  },
  "baselines": {
    "frequency": {
      "name": "online_frequency",
      "slot_top1": 0.11971266103549845,
      "slot_top3": 0.39807228289638197,
      "n": 307929
    },
    "cycle": {
      "name": "approx_cycle",
      "slot_top1": 0.19944207918059034,
      "slot_top3": 0.6199058873961205,
      "n": 307929
    },
    "chance_slot_top1": 0.125
  },
  "val": {
    "loss": 4.23159406687084,
    "slot_top1": 0.5534322676885882,
    "slot_top3": 0.9386075461022093,
    "type_acc": 0.99807103726756,
    "zone_acc": 0.44461305007587254,
    "xy_mae": 5482.66269514673,
    "tile_acc": 0.03076052570664335,
    "tile_class_acc": 0.124148041459839,
    "timing_mae": 1.6740385103469761
  },
  "test": {
    "loss": 4.228927048769864,
    "slot_top1": 0.5473137269958279,
    "slot_top3": 0.9371624561672938,
    "type_acc": 0.998361872584402,
    "zone_acc": 0.4437277637001203,
    "xy_mae": 5517.04912782513,
    "tile_acc": 0.031303591082443884,
    "tile_class_acc": 0.12096547134556809,
    "timing_mae": 1.6448074493529277,
    "n": 39069
  },
  "rollouts": {
    "available": true,
    "n": 96,
    "mean_score_real": 0.8613517019201596,
    "mean_score_policy": 0.8315703437020527,
    "mean_score_easy": 0.000126278507278342,
    "mean_score_medium": 4.787486895837256e-05,
    "policy_vs_easy_lift": 0.8314440651947744,
    "policy_vs_medium_lift": 0.8315224688330943,
    "policy_gap_to_real": 0.0297813582181069
  },
  "rollout_hist": {
    "real": [
      0.9956359181971083,
      0.9374388064041492,
      0.9900755856034834,
      0.9512618433090824,
      0.9024987866032119,
      0.9923592473449866,
      0.9635610962979739,
      0.9859423969393961,
      0.8501291015382798,
      0.27815378527880563,
      0.9933237980390984,
      0.9501355276940582,
      0.8676476671758843,
      0.7401125480037141,
      0.9312890339212346,
      0.9931801102042099,
      0.5956282521654763,
      0.8827029048507419,
      0.9826462477420347,
      0.9540990706302775,
      0.976337225757416,
      0.4440339420247261,
      0.6523500290044785,
      0.8208594838683919,
      0.8260596091394645,
      0.9165512979290716,
      0.9734290746809942,
      0.4772281614307236,
      0.9057850703530071,
      0.8482057083872372,
      0.6556052340897349,
      0.9625398634651182,
      0.9428765293473396,
      0.7787380055428516,
      0.9618909531728802,
      0.9533376940609578,
      0.9818654640475156,
      0.9945208962884323,
      0.9461123647768664,
      0.9348626134571072,
      0.9065873596428832,
      0.9666657654341975,
      0.9105230391677156,
      0.9681842392884887,
      0.991050375263965,
      0.9870190986774982,
      0.9932924330285328,
      0.9927729948028375,
      0.9910996874234368,
      0.9839778046088477,
      0.9627468901079211,
      0.9751718760630516,
      0.3564234867169413,
      0.9703403494540309,
      0.9595616539183525,
      0.39712828140490697,
      0.9689998480351796,
      0.22350286454905235,
      0.9018538150458785,
      0.746170151152426,
      0.7809929909830339,
      0.9947956483654247,
      0.04098279720217818,
      0.9864180738155807,
      0.8793679751953402,
      0.8894618524703131,
      0.9898989607424431,
      0.9225346439169528,
      0.9059036352933866,
      0.931872123416061,
      0.9713524287479135,
      0.9651379193843177,
      0.8820500747559779,
      0.9874300431278669,
      0.9373963334327838,
      0.4164597316236945,
      0.9876954130413467,
      0.9590762098037489,
      0.7727482091196202,
      0.9497493368031206,
      0.9582252323358262,
      0.9774769089119449,
      0.9730712072425777,
      0.9917411096156701,
      0.2179138407271218,
      0.9093623509671732,
      0.9160333616807722,
      0.9286664614344415,
      0.9926866452069721,
      0.574950055346193,
      0.7504692835173259,
      0.9704716886836098,
      0.9728490771797301,
      0.9920246547795559,
      0.9865035134670483,
      0.5819106294445845
    ],
    "policy": [
      0.7239508161958609,
      0.7533024749967427,
      0.9824529017073392,
      0.9958754126932318,
      0.9611321816090549,
      0.9911451899121781,
      0.9949020551624959,
      0.5461511078542808,
      0.9968053358990115,
      0.9834360937889488,
      0.9858988048591184,
      0.001536984922853078,
      0.9987596594994579,
      0.9686822175459052,
      0.9964276099516728,
      0.972989373644546,
      0.9901761314436316,
      0.9629410347024068,
      0.9992680465359767,
      0.9966261009081966,
      0.995901847141046,
      0.010212776299501368,
      0.9874927089575639,
      0.9948511063531594,
      0.9527086986712281,
      0.9961198318140777,
      0.998809148269584,
      0.9986997746326695,
      0.9826754190154534,
      0.9955945145493108,
      0.9720834596363164,
      0.08194473867744456,
      0.00948480330605648,
      0.9969031622093346,
      0.9970523701779731,
      0.973589763726611,
      0.934651088842299,
      0.9278259961285631,
      0.9624385237258506,
      0.9703106744465723,
      0.996504186591837,
      0.9734853119408609,
      0.005665840697322698,
      0.9935962619493136,
      0.9651353095382554,
      0.9891132944970028,
      0.6587458425088221,
      0.9899537498504658,
      0.9850109564641251,
      0.9675358997263596,
      0.9910739219404564,
      0.6028938952882816,
      0.03497972856346882,
      0.9837375920955416,
      0.995403194252469,
      0.05449727116168582,
      0.9049898047891444,
      0.9216592016632869,
      0.9857682862985863,
      0.9129695313357705,
      0.010088886853240811,
      0.0062307607333470716,
      0.9988361860422691,
      0.9924588002482753,
      0.9900311817875763,
      0.8290861257029513,
      0.9950538205521159,
      0.9959182515231185,
      0.9089906363920863,
      0.9849566260549658,
      0.9960519559985107,
      0.9728359577973078,
      0.9978823928384597,
      0.9962546227842375,
      0.9853815606753493,
      0.9630147787305303,
      0.007423910325532108,
      0.033885590143660015,
      0.9812631507660725,
      0.9947965827071686,
      0.07692035984386132,
      0.9967786628207446,
      0.9691152105666572,
      0.9755827330806277,
      0.9899989938094342,
      0.9986293314533163,
      0.8752880017750632,
      0.9953906593520625,
      0.0631022141355896,
      0.9975245264144761,
      0.993299740469489,
      0.9010131548442389,
      0.9359801870177925,
      0.9914576906214647,
      0.982289176532246,
      0.9934115524366285
    ],
    "easy": [
      8.214945506538363e-05,
      8.121465929613635e-05,
      9.56002534294988e-05,
      0.00042041009654632716,
      5.1300913111993196e-05,
      0.00035697330333789605,
      5.117472209371159e-05,
      2.125965984840325e-05,
      1.1053111943691283e-05,
      0.00037410544234738036,
      3.3529625641325114e-05,
      1.1868700764354204e-05,
      8.325881092581683e-05,
      0.00012725979094281798,
      6.804261621110955e-05,
      0.00027373117318976796,
      3.9637758791020875e-05,
      4.4649590245325705e-05,
      6.456158734465863e-05,
      6.317800767682257e-05,
      0.00010180313467678101,
      6.956941046431699e-05,
      2.08119027412821e-05,
      0.00042116005491912986,
      5.8788684076812544e-05,
      7.591456932623273e-05,
      4.873043731448805e-05,
      0.00020037100959418848,
      5.597653690436159e-05,
      0.001440462286473542,
      3.2189869399386026e-05,
      6.100388597335063e-05,
      7.057748526561153e-05,
      0.00012813068033722973,
      0.0002690093577031288,
      5.05694468598637e-05,
      4.453255896195611e-05,
      3.48644320745673e-05,
      9.920118606134628e-05,
      5.218287200929757e-05,
      0.0001396080440529204,
      4.5494447379026805e-05,
      0.00010652884829678634,
      0.00010136216904336054,
      0.0002157419555218456,
      0.0001694048600163497,
      4.974558831539143e-05,
      3.494974422999427e-05,
      0.00011163388552769939,
      4.98863648085365e-05,
      2.9663972035883845e-05,
      0.00021068675492523408,
      8.624375313655058e-05,
      1.734622880304973e-05,
      1.6610641835336014e-05,
      0.00018009765866620268,
      0.00015526272138313986,
      1.696615260930881e-05,
      4.496213086104096e-05,
      8.136578481431338e-05,
      0.00012656206712693117,
      0.00010470341446553987,
      0.0009311449674750005,
      4.122628072462839e-05,
      8.547390058978145e-05,
      0.00012642655555162688,
      4.005399491750206e-05,
      0.0002461833595542422,
      1.1133390685136955e-05,
      0.00032284824540263483,
      9.824559351461279e-05,
      9.60692128813871e-05,
      2.7847150467134188e-05,
      3.114292764213155e-05,
      0.00011244496798077173,
      0.0001588456780058541,
      3.981889975056163e-05,
      0.00040796669999393153,
      3.596457763073931e-05,
      6.815122214251446e-05,
      4.152545722607226e-05,
      0.00011459652132528647,
      2.1840147562155787e-05,
      4.1136168135793476e-05,
      3.360509909753253e-05,
      1.8925902954007564e-05,
      0.0002942757285653919,
      0.0003102168486895209,
      1.9445699625789114e-05,
      1.7251924504748687e-05,
      4.127248570631538e-05,
      9.431339649979738e-05,
      8.776772792844341e-05,
      0.000139387689035645,
      7.265933003755804e-05,
      0.00010789267917182732
    ],
    "medium": [
      3.378999483750503e-05,
      3.312140451940303e-05,
      0.00014681205683811062,
      2.5921055222774404e-05,
      2.0037651441836416e-05,
      7.045657050762282e-05,
      2.3393027093653484e-05,
      0.00010334204288381766,
      5.088279840869581e-05,
      0.00014326885393162257,
      1.909831840993797e-05,
      0.00010428668469258659,
      6.251817420227762e-05,
      1.5632906012537392e-05,
      2.7598017837090734e-05,
      2.527708185662672e-05,
      3.0484547986885606e-05,
      2.4481948497250612e-05,
      8.19694482194126e-05,
      3.9665514224308466e-05,
      9.494992867500853e-05,
      3.20318218776471e-05,
      3.201688661461565e-05,
      3.764195389136239e-05,
      4.9375353206068296e-05,
      2.063162090223897e-05,
      2.8032352377367162e-05,
      2.0458972072175276e-05,
      5.158396981584445e-05,
      0.00011782080898035275,
      4.9738157897131226e-05,
      2.0368226711386398e-05,
      7.235607802635068e-05,
      2.9040545059858108e-05,
      0.00012251629267857455,
      4.7181432781528735e-05,
      3.748258388722117e-05,
      1.4282343448770701e-05,
      1.769861274617951e-05,
      2.5731157077152373e-05,
      8.096576837695502e-05,
      2.14964048428698e-05,
      9.3940759371348e-05,
      4.1705101589534346e-05,
      6.270377525286928e-05,
      1.7041242308246684e-05,
      4.083896109745307e-05,
      1.727542342075913e-05,
      2.1409319719054814e-05,
      3.799021741239757e-05,
      3.734223352961239e-05,
      3.564603123845249e-05,
      1.6575447035435545e-05,
      3.257570582186972e-05,
      3.2257404106734674e-05,
      0.00014463781219483808,
      3.2150673023858685e-05,
      1.8612174142740027e-05,
      7.615673538614614e-05,
      2.1089539646225903e-05,
      2.0764998055521393e-05,
      4.1804820349147446e-05,
      3.89420973785673e-05,
      3.476616259534648e-05,
      3.7353822680762956e-05,
      2.263262789664296e-05,
      2.194152989068631e-05,
      2.603992050802051e-05,
      4.0186114799690036e-05,
      5.5650751796759914e-05,
      3.3714451272514924e-05,
      3.435151420467473e-05,
      6.105213414917191e-05,
      4.750079305310489e-05,
      4.160318347715455e-05,
      4.535221447581278e-05,
      8.633290684103309e-05,
      9.951679406871325e-05,
      3.932061546423453e-05,
      3.374275026619135e-05,
      2.6087922988238095e-05,
      4.340475599269612e-05,
      2.4341335446412637e-05,
      5.403464965211548e-05,
      2.3790474993391842e-05,
      1.6640064512092113e-05,
      9.120937667475676e-05,
      5.66933473798365e-05,
      3.748125762117023e-05,
      2.9594997345925354e-05,
      5.433903429391215e-05,
      0.00011120383820226558,
      4.209010530714462e-05,
      7.565979164874682e-05,
      7.037397643878918e-05,
      9.108436241432979e-05
    ]
  },
  "history": [
    {
      "epoch": 1,
      "train_loss": 4.90727398254285,
      "val_loss": 4.401213915724504,
      "val_slot_top1": 0.5534322676885882,
      "val_slot_top3": 0.9386075461022093,
      "val_type_acc": 0.99807103726756,
      "val_zone_acc": 0.44461305007587254,
      "val_xy_mae": 5761.447686530696,
      "val_tile_acc": 0.02227308968390731,
      "val_tile_class_acc": 0.10995087574908052,
      "val_timing_mae": 1.6740385103469761,
      "val_n": 38881,
      "lr": 0.00015000000000000001
    },
    {
      "epoch": 2,
      "train_loss": 4.229685948609878,
      "val_loss": 4.258768614969756,
      "val_slot_top1": 0.5534322676885882,
      "val_slot_top3": 0.9386075461022093,
      "val_type_acc": 0.99807103726756,
      "val_zone_acc": 0.44461305007587254,
      "val_xy_mae": 5526.969162315784,
      "val_tile_acc": 0.029783184588873742,
      "val_tile_class_acc": 0.12170468866541498,
      "val_timing_mae": 1.6740385103469761,
      "val_n": 38881,
      "lr": 5.000000000000003e-05
    },
    {
      "epoch": 3,
      "train_loss": 4.141905671604232,
      "val_loss": 4.23159406687084,
      "val_slot_top1": 0.5534322676885882,
      "val_slot_top3": 0.9386075461022093,
      "val_type_acc": 0.99807103726756,
      "val_zone_acc": 0.44461305007587254,
      "val_xy_mae": 5482.66269514673,
      "val_tile_acc": 0.03076052570664335,
      "val_tile_class_acc": 0.124148041459839,
      "val_timing_mae": 1.6740385103469761,
      "val_n": 38881,
      "lr": 0.0
    }
  ],
  "checkpoint": "models/policy_bc_v6_1/best_model.pt",
  "lessons": [
    "v6 keeps the v4 threat-conditioned trunk but predicts a card-conditioned 18×32 placement heatmap instead of a single XY point.",
    "Tile cross-entropy models multimodal legal placements; expected XY is retained for compatibility while rollouts can sample tiles.",
    "Training can hide unrevealed opponent cards so the deck encoder is less dependent on an offline oracle deck.",
    "This is an offline action-prior experiment; it does not restore missing arena state or establish live-play readiness."
  ],
  "live_play_readiness": {
    "ready_for_live_smoke_test": false,
    "checks": {
      "beats_baselines": true,
      "slot_floor": true,
      "zone_floor": true,
      "tile_or_zone": true,
      "rollout_beats_easy": true,
      "rollout_not_collapsed": true,
      "rollout_near_real": true
    },
    "rationale": "Offline-only experiment; do not run live yet."
  }
}
