Loading battles from data/raw ...
Cached 34726 battles -> data/winner_battles_cache.pkl
Training policy-bc-v6 (threat_dim=14, card_conditioned_placement=True, reaction_weight=3.0, reaction_repeats=2)
Samples train/val/test: 284571/39055/38992 on cuda
epoch 01  train_loss=6.6379  val_slot@1=0.385  val_zone=0.317  val_tile=0.016  val_loss=6.4862
epoch 02  train_loss=6.0000  val_slot@1=0.412  val_zone=0.330  val_tile=0.017  val_loss=6.3419
Rolling out policy continuations for realism scoring ...
{
  "test": {
    "loss": 6.345797390132756,
    "slot_top1": 0.41200759130077963,
    "slot_top3": 0.8707170701682396,
    "type_acc": 0.9984099302421009,
    "zone_acc": 0.3335556011489536,
    "xy_mae": 6107.339856573143,
    "tile_acc": 0.017029134181370538,
    "tile_class_acc": 0.09278826425933524,
    "timing_mae": 1.8741107137662052,
    "n": 38992
  },
  "baselines": {
    "frequency": {
      "name": "online_frequency",
      "slot_top1": 0.1196013719858133,
      "slot_top3": 0.39739932178773124,
      "n": 308458
    },
    "cycle": {
      "name": "approx_cycle",
      "slot_top1": 0.19805613730232316,
      "slot_top3": 0.6191669530373665,
      "n": 308458
    },
    "chance_slot_top1": 0.125
  },
  "rollouts": {
    "available": true,
    "n": 96,
    "mean_score_real": 0.8961506592390444,
    "mean_score_policy": 0.7320105890735613,
    "mean_score_easy": 0.00010680323789096563,
    "mean_score_medium": 4.479582936914476e-05,
    "policy_vs_easy_lift": 0.7319037858356704,
    "policy_vs_medium_lift": 0.7319657932441922,
    "policy_gap_to_real": 0.16414007016548304
  },
  "live_play_readiness": {
    "ready_for_live_smoke_test": false,
    "checks": {
      "beats_baselines": true,
      "slot_floor": true,
      "zone_floor": true,
      "tile_or_zone": true,
      "rollout_beats_easy": true,
      "rollout_not_collapsed": true,
      "rollout_near_real": true
    },
    "rationale": "Offline-only experiment; do not run live yet."
  }
}
Wrote models/policy_bc_v6_full/report.json
{
  "model_name": "policy-bc-v6",
  "model_version": "6.0.0",
  "created_at": "2026-08-09T15:19:03Z",
  "seconds": 494.3,
  "compute": {
    "device": "cuda",
    "framework": "pytorch",
    "parameters": 761042,
    "d_model": 160,
    "num_layers": 2,
    "epochs_requested": 2,
    "epochs_ran": 2,
    "batch_size": 512,
    "learning_rate": 0.0002,
    "dropout": 0.2,
    "max_context": 64,
    "max_samples_per_battle": 8,
    "global_dim": 62,
    "threat_dim": 14,
    "card_conditioned_placement": true,
    "placement_mode": "heatmap",
    "reaction_weight": 3.0,
    "reaction_repeats": 2,
    "reaction_seconds": 5.0,
    "max_battles": 33558,
    "hide_opponent_deck": true,
    "hide_opponent_prob": 0.0,
    "loss_kwargs": {
      "zone_weight": 0.9,
      "xy_weight": 0.0,
      "tile_weight": 0.35,
      "slot_weight": 2.2
    }
  },
  "data": {
    "battles_total": 33558,
    "min_card_plays": 12,
    "train_samples": 284571,
    "val_samples": 39055,
    "test_samples": 38992,
    "vocab_size": 126,
    "splits": [
      {
        "split": "train",
        "battles": 23492,
        "team_win_rate": 0.5062148816618424,
        "mean_events": 64.87689426187639
      },
      {
        "split": "val",
        "battles": 5033,
        "team_win_rate": 0.509239022451818,
        "mean_events": 64.42241208027022
      },
      {
        "split": "test",
        "battles": 5033,
        "team_win_rate": 0.50725213590304,
        "mean_events": 64.83628054838069
      }
    ]
  },
  "baselines": {
    "frequency": {
      "name": "online_frequency",
      "slot_top1": 0.1196013719858133,
      "slot_top3": 0.39739932178773124,
      "n": 308458
    },
    "cycle": {
      "name": "approx_cycle",
      "slot_top1": 0.19805613730232316,
      "slot_top3": 0.6191669530373665,
      "n": 308458
    },
    "chance_slot_top1": 0.125
  },
  "val": {
    "loss": 6.34194516516351,
    "slot_top1": 0.41200870567148895,
    "slot_top3": 0.8695429522468314,
    "type_acc": 0.9983612853667905,
    "zone_acc": 0.3301497887594418,
    "xy_mae": 6094.253472666752,
    "tile_acc": 0.016822429906542057,
    "tile_class_acc": 0.09542952246831392,
    "timing_mae": 1.8615945714702222
  },
  "test": {
    "loss": 6.345797390132756,
    "slot_top1": 0.41200759130077963,
    "slot_top3": 0.8707170701682396,
    "type_acc": 0.9984099302421009,
    "zone_acc": 0.3335556011489536,
    "xy_mae": 6107.339856573143,
    "tile_acc": 0.017029134181370538,
    "tile_class_acc": 0.09278826425933524,
    "timing_mae": 1.8741107137662052,
    "n": 38992
  },
  "rollouts": {
    "available": true,
    "n": 96,
    "mean_score_real": 0.8961506592390444,
    "mean_score_policy": 0.7320105890735613,
    "mean_score_easy": 0.00010680323789096563,
    "mean_score_medium": 4.479582936914476e-05,
    "policy_vs_easy_lift": 0.7319037858356704,
    "policy_vs_medium_lift": 0.7319657932441922,
    "policy_gap_to_real": 0.16414007016548304
  },
  "rollout_hist": {
    "real": [
      0.9873035798149059,
      0.9686235570029591,
      0.9205792809157907,
      0.9721007378994375,
      0.8124197221322335,
      0.957532574559255,
      0.5982629400799069,
      0.9558559419107938,
      0.7921175200430913,
      0.2573020347967054,
      0.9355394794922663,
      0.9910849366103754,
      0.9986773511175981,
      0.25928320934656357,
      0.9916604506924093,
      0.9972203218646224,
      0.9160825693018613,
      0.9328284368853983,
      0.9895583182447012,
      0.9737598277937392,
      0.9719840793466338,
      0.9970482908122855,
      0.9919146461969699,
      0.9897349856895953,
      0.9424220094061143,
      0.9880581237697215,
      0.885706428514814,
      0.9819902729678264,
      0.6730252579025731,
      0.9801694797846281,
      0.921149670454569,
      0.9394044532488816,
      0.9707940732417356,
      0.6006701020750306,
      0.9739583610731023,
      0.9431214445570836,
      0.9553638024752283,
      0.986636501984376,
      0.8464543478718636,
      0.9657078428997005,
      0.9966236098892419,
      0.9661240477867129,
      0.916891146609992,
      0.9448868366398534,
      0.9466786011832266,
      0.9299852431147222,
      0.513035771753673,
      0.9609534222256407,
      0.7597401176618929,
      0.5056749953889165,
      0.8881496638122738,
      0.7239489243491879,
      0.9485153936185706,
      0.9522464794053016,
      0.980176371784215,
      0.9528440408663679,
      0.9638982257916319,
      0.942141625106036,
      0.9946361413090143,
      0.9859211252444361,
      0.9973259511223063,
      0.94331473597085,
      0.9862564892981639,
      0.9697122765217508,
      0.9392892729909883,
      0.9362188832293387,
      0.9660611911075859,
      0.9924923032287822,
      0.9813089142478927,
      0.9893651111174749,
      0.9987738111452691,
      0.2943358368284655,
      0.9878078983365061,
      0.8697868229392223,
      0.9195447231551006,
      0.9496500310179818,
      0.9869984075809152,
      0.9623226694193149,
      0.9526873122550537,
      0.9297083687538149,
      0.8867135107801769,
      0.6090286272460232,
      0.9829045182414167,
      0.8754781605612518,
      0.8107604736586126,
      0.9648210328767705,
      0.8160305512603656,
      0.8913065989051733,
      0.83762117391177,
      0.9816136851024563,
      0.9937446272799443,
      0.9867920442138938,
      0.9446899975618621,
      0.8107542805796597,
      0.9783634304952272,
      0.6207008156886251
    ],
    "policy": [
      0.03273917869170967,
      0.8605165923939513,
      0.11046987550295191,
      0.9067910884688801,
      0.9856454957286017,
      0.9970875286287197,
      0.6723752857465672,
      0.9943691647542374,
      0.9437999351649909,
      0.9841448015787342,
      0.9973595405017759,
      0.998529230035234,
      0.1295679633010907,
      0.20433568436430577,
      0.9829188869519169,
      0.0006766743066663209,
      0.9788248569079795,
      0.9477800481425329,
      0.8843487334861397,
      0.23612738070614875,
      0.9821811098676958,
      0.0011576666315047434,
      0.7475566917410019,
      0.00029750038083467377,
      0.9890859246957683,
      0.8537463367728728,
      0.9843671695015521,
      0.950153847566818,
      0.8430768507244997,
      0.012172570780664303,
      0.9906666621983918,
      0.998184802127869,
      0.8164192454823297,
      0.9981204876731059,
      0.9989486817743547,
      0.0006889407031038231,
      0.001188770295982364,
      0.9102444156718084,
      0.8809244938272389,
      0.9939137290409502,
      0.9977673754995868,
      0.9430182314339195,
      0.011045800446786928,
      0.5971038199772395,
      0.02102833108845377,
      0.9583952877963298,
      0.8655144575142795,
      0.9798423305733601,
      0.8091696114924716,
      0.9184283216685581,
      0.39729068307950427,
      0.7714662921164404,
      0.904641917742195,
      0.0013654502974968553,
      0.9881318754498316,
      0.8216171705840304,
      0.9852916472992089,
      0.0005155859765102526,
      0.9938988767864921,
      0.929028715271171,
      0.05327775045824293,
      0.9799693642699238,
      0.9973742883540454,
      0.9948534420460107,
      0.9936331467226142,
      0.0003218583435173036,
      0.10856319354435864,
      0.5591219560241982,
      0.9313583682137286,
      0.9781836458261979,
      0.8456158089585196,
      0.0007696916698098673,
      0.9945281350761083,
      0.9949001111411737,
      0.9980631875533001,
      0.9798125076796083,
      0.3718279884528254,
      0.9841034789495043,
      0.9959325305110129,
      0.9059349764471732,
      0.9903476076019112,
      0.9970550156412562,
      0.6075509608900331,
      0.9632751449822912,
      0.9967201311066255,
      0.00023081705627813802,
      0.9976661021317798,
      0.9941635279524724,
      0.5376946363107662,
      0.986569164789394,
      0.9725538381543506,
      0.976610486002286,
      0.9978180747327338,
      0.9906314748432182,
      0.9143587823372418,
      0.9855597313720328
    ],
    "easy": [
      0.0006973461043531526,
      9.161530489834469e-05,
      0.00015752201391736913,
      6.264304408484214e-05,
      3.170075487285819e-05,
      2.8163070817308145e-05,
      3.566711731418091e-05,
      3.814099765672122e-05,
      3.8378131282356294e-05,
      0.0002271439322759016,
      0.00024089207313461724,
      1.679001414304635e-05,
      5.345607859438597e-05,
      4.818599079984071e-05,
      2.410135502042566e-05,
      5.618302993065261e-05,
      1.6037255614735164e-05,
      1.2868983189940112e-05,
      0.00019676009447358684,
      7.909105079928926e-05,
      3.262631940527832e-05,
      5.2501925212641646e-05,
      2.9779883704068544e-05,
      8.106285320891696e-05,
      8.643259811020762e-05,
      3.748124323696242e-05,
      9.062226052280864e-05,
      0.0004852292294819097,
      2.917224865895715e-05,
      5.1818476030385524e-05,
      6.686691841730216e-05,
      7.782427405264714e-05,
      1.29143189651844e-05,
      4.272601460968e-05,
      1.6911316060307173e-05,
      5.935061332590371e-05,
      6.55433838529365e-05,
      4.033145733698904e-05,
      5.237600523181853e-05,
      4.046442064987869e-05,
      0.0004435470131791099,
      9.031857547286386e-05,
      4.777282097445148e-05,
      3.913536873207675e-05,
      2.197647299012787e-05,
      6.676409384020629e-05,
      6.78198517948557e-05,
      6.975328823910784e-05,
      0.00012763453371315476,
      3.552520782714351e-05,
      2.9042765910072494e-05,
      0.000112553804846909,
      5.2496909953076546e-05,
      2.6794756358352172e-05,
      4.5670194948926456e-05,
      0.00026098859103222265,
      3.093973268540898e-05,
      0.00011243963676448343,
      0.00033253050626142985,
      1.217237641038275e-05,
      0.00011369153771418529,
      6.537747758043049e-05,
      0.00018403160665421292,
      4.147959422044379e-05,
      4.525036787854841e-05,
      9.948052873756534e-05,
      4.791776314198939e-05,
      0.00011127598315997179,
      9.069267273564775e-05,
      0.0005368015724055838,
      0.0001272059129879002,
      0.0002867260464070833,
      7.206089395658234e-05,
      0.00019571227562106906,
      4.92489435389533e-05,
      7.268779304065101e-05,
      9.057252210430223e-05,
      1.9722408131958654e-05,
      0.00010721340138294051,
      2.6670846921595636e-05,
      0.00031554562117434864,
      0.0007093418347350926,
      5.291074084128571e-05,
      0.00015065659186660205,
      0.00016520259905374092,
      2.8275732259739464e-05,
      1.972943244359106e-05,
      3.534311851183296e-05,
      8.577017761352035e-05,
      9.152849684450997e-05,
      0.00010899246820318373,
      0.0001022351290174621,
      8.090012007877646e-05,
      8.89922894588319e-05,
      0.0001664229552128809,
      3.684472271298492e-05
    ],
    "medium": [
      3.9027704333457196e-05,
      2.8694717183581826e-05,
      2.730646253632683e-05,
      5.001052942101647e-05,
      4.983114504941222e-05,
      2.8729225476408776e-05,
      3.291021816887105e-05,
      2.8983751294603356e-05,
      3.108790611736622e-05,
      1.5239669081502011e-05,
      5.600007044505215e-05,
      3.468249936463312e-05,
      0.00011458046672966072,
      5.1171833595089794e-05,
      7.131244643012666e-05,
      4.154834719952563e-05,
      8.330388523155537e-05,
      1.9301355158899554e-05,
      1.7003556996723307e-05,
      5.106471306571959e-05,
      1.4263466518094933e-05,
      3.1388639162898015e-05,
      5.495664097994521e-05,
      4.655157568950689e-05,
      2.188863654161655e-05,
      1.5729370282172167e-05,
      3.6995622931580905e-05,
      0.00013484595319692496,
      7.63111324048421e-05,
      2.3479353371522253e-05,
      2.542330779868606e-05,
      3.805093730550859e-05,
      3.8527004874044547e-05,
      1.7249980292875754e-05,
      2.8066611370182387e-05,
      2.766752501664121e-05,
      5.256237775470588e-05,
      3.777823300091796e-05,
      3.709121618082239e-05,
      6.971890202864485e-05,
      3.893257231840578e-05,
      5.18332180860041e-05,
      4.9017679433556686e-05,
      3.1510698502818874e-05,
      4.903659813207726e-05,
      3.1627318304641766e-05,
      4.470273235366626e-05,
      2.4029518949935626e-05,
      4.286543581666197e-05,
      1.546395454116749e-05,
      2.4821462659415406e-05,
      5.576154558087654e-05,
      3.151167598603048e-05,
      3.617498588007942e-05,
      3.1232939841655695e-05,
      3.0491259806497008e-05,
      2.3104978639906273e-05,
      2.5885455786937103e-05,
      2.3047203323077573e-05,
      1.456808723797801e-05,
      2.0348707310868528e-05,
      1.9724310559721195e-05,
      0.00036801740686903266,
      5.121527280562826e-05,
      1.4584196721204232e-05,
      2.1907559497004664e-05,
      2.2192232940867147e-05,
      3.2745826336423494e-05,
      3.189290301880778e-05,
      2.190168368796353e-05,
      7.838302466731243e-05,
      4.2317726662706815e-05,
      1.6736191380682945e-05,
      0.0001400268210066841,
      2.329850735393911e-05,
      2.5314595209598753e-05,
      4.9000797556214436e-05,
      3.0492682242441878e-05,
      2.8832507907901173e-05,
      3.9031648094908265e-05,
      3.9522077169359985e-05,
      1.520654429365283e-05,
      6.939441447553552e-05,
      3.304861161496122e-05,
      5.012137322373944e-05,
      3.499181242239228e-05,
      7.799612240503801e-05,
      4.1041210339865604e-05,
      2.1190396625746886e-05,
      2.2196720343039906e-05,
      6.607590666926047e-05,
      0.0001149847832424954,
      3.079793607983569e-05,
      9.589083936577347e-05,
      5.478798216170426e-05,
      7.923197641252986e-05
    ]
  },
  "history": [
    {
      "epoch": 1,
      "train_loss": 6.637855520351327,
      "val_loss": 6.486217969423764,
      "val_slot_top1": 0.3848930994750992,
      "val_slot_top3": 0.8549225451286647,
      "val_type_acc": 0.9983612853667905,
      "val_zone_acc": 0.3171937011906286,
      "val_xy_mae": 6237.4527189220335,
      "val_tile_acc": 0.016079887338368966,
      "val_tile_class_acc": 0.08628856740494174,
      "val_timing_mae": 1.8883874336685142,
      "val_n": 39055,
      "lr": 0.0001
    },
    {
      "epoch": 2,
      "train_loss": 6.000020136936105,
      "val_loss": 6.34194516516351,
      "val_slot_top1": 0.41200870567148895,
      "val_slot_top3": 0.8695429522468314,
      "val_type_acc": 0.9983612853667905,
      "val_zone_acc": 0.3301497887594418,
      "val_xy_mae": 6094.253472666752,
      "val_tile_acc": 0.016822429906542057,
      "val_tile_class_acc": 0.09542952246831392,
      "val_timing_mae": 1.8615945714702222,
      "val_n": 39055,
      "lr": 0.0
    }
  ],
  "checkpoint": "models/policy_bc_v6_full/best_model.pt",
  "lessons": [
    "v6 keeps the v4 threat-conditioned trunk but predicts a card-conditioned 18×32 placement heatmap instead of a single XY point.",
    "Tile cross-entropy models multimodal legal placements; expected XY is retained for compatibility while rollouts can sample tiles.",
    "Training can hide unrevealed opponent cards so the deck encoder is less dependent on an offline oracle deck.",
    "This is an offline action-prior experiment; it does not restore missing arena state or establish live-play readiness."
  ],
  "live_play_readiness": {
    "ready_for_live_smoke_test": false,
    "checks": {
      "beats_baselines": true,
      "slot_floor": true,
      "zone_floor": true,
      "tile_or_zone": true,
      "rollout_beats_easy": true,
      "rollout_not_collapsed": true,
      "rollout_near_real": true
    },
    "rationale": "Offline-only experiment; do not run live yet."
  }
}
